golden_test: method called *golden.bufferTB.Helper()

	Error Trace:
	Error:      	Not equal: 
	            	expected: "golden"
	            	actual  : "Z29sZGVu"
	            	
	            	Diff:
	            	--- Expected
	            	+++ Actual
	            	@@ -1 +1 @@
	            	-golden
	            	+Z29sZGVu

golden_test: method called *golden.bufferTB.Fail()

	Error Trace:
	Error:      	Not equal: 
	            	expected: "golden"
	            	actual  : "Z29sZGVu"
	            	
	            	Diff:
	            	--- Expected
	            	+++ Actual
	            	@@ -1 +1 @@
	            	-golden
	            	+Z29sZGVu

golden_test: method called *golden.bufferTB.FailNow()