golden_test: method called *golden.bufferTB.Helper()
golden_test: method called *golden.bufferTB.Helper()
golden_test: method called *golden.bufferTB.Helper()

	Error Trace:
	Error:      	Not equal: 
	            	expected: "Z29sZGVu"
	            	actual  : "golden"
	            	
	            	Diff:
	            	--- Expected
	            	+++ Actual
	            	@@ -1 +1 @@
	            	-Z29sZGVu
	            	+golden

golden_test: method called *golden.bufferTB.FailNow()